---
# Source: sepsisdetection-ml/templates/knative-service.yaml
apiVersion: serving.knative.dev/v1
kind: Service
metadata:
  annotations:
    argocd.argoproj.io/compare-options: IgnoreExtraneous
    image.openshift.io/triggers: >-
      [{"from":{"kind":"ImageStreamTag","name":"sepsis-detection:latest","namespace":"sepsis-detection"},"fieldPath":"spec.template.spec.containers[?(@.name==\"sepsis-detection\")].image","pause":"false"}]
  name: sepsis-detection
  labels:
    app.kubernetes.io/component: sepsis-detection
    app.kubernetes.io/instance: sepsis-detection
    app.kubernetes.io/name: sepsis-detection
    app.kubernetes.io/part-of: sepsis-detection-app
    app.openshift.io/runtime: python
    app.openshift.io/runtime-version: latest
spec:
  template:
    metadata:
      annotations:
        autoscaling.knative.dev/minScale: '1'
        autoscaling.knative.dev/maxScale: '10'
      labels:
        app.kubernetes.io/component: sepsis-detection
        app.kubernetes.io/instance: sepsis-detection
        app.kubernetes.io/name: sepsis-detection
        app.kubernetes.io/part-of: sepsis-detection-app
        app.openshift.io/runtime: python
        app.openshift.io/runtime-version: latest
    spec:
      containers:
        - image: quay.io/redhat_naps_da/sepsis-detection:latest
          imagePullPolicy: Always
          name: sepsis-detection
          ports:
            - containerPort: 8080
          readinessProbe:
            successThreshold: 1
            tcpSocket:
              port: 0
          resources: {}
      enableServiceLinks: false
      timeoutSeconds: 300
  traffic:
    - latestRevision: true
      percent: 100
---
# Source: sepsisdetection-ml/templates/image-stream.yaml
kind: ImageStream
apiVersion: image.openshift.io/v1
metadata:
  name: sepsis-detection
spec:
  tags:
    - name: latest
      from:
        kind: DockerImage
        name: quay.io/redhat_naps_da/sepsis-detection:latest
      importPolicy: {}
      referencePolicy:
        type: Source
