---
# Source: kafdrop/templates/BinaryImageStream.yaml
apiVersion: image.openshift.io/v1
kind: ImageStream
metadata:
  name: kafdrop
  labels:
    app: kafdrop
spec:
  dockerImageRepository: docker.io/obsidiandynamics/kafdrop
---
# Source: kafdrop/templates/KafDropService.yaml
kind: List
apiVersion: v1
items:
- apiVersion: route.openshift.io/v1
  kind: Route
  metadata:
    labels:
      app: kafdrop
    name: kafdrop
  spec:
    port:
      targetPort: http
    tls:
      termination: edge
    to:
      kind: Service
      name: kafdrop
    wildcardPolicy: None
- apiVersion: v1
  kind: Service
  metadata:
    name: kafdrop
    labels:
      expose: "true"
      app: kafdrop
  spec:
    ports:
      - name: http
        port: 8080
        protocol: TCP
        targetPort: 9000
    selector:
      group: kafdrop
      app: kafdrop
    sessionAffinity: None
    type: ClusterIP
- apiVersion: apps.openshift.io/v1
  kind: DeploymentConfig
  metadata:
    labels:
      app: kafdrop
    name: kafdrop
  spec:
    replicas: 1
    selector:
      group: kafdrop
      app: kafdrop
    strategy:
      activeDeadlineSeconds: 21600
      resources: {}
      rollingParams:
        intervalSeconds: 1
        maxSurge: 25%
        maxUnavailable: 25%
        timeoutSeconds: 3600
        updatePeriodSeconds: 1
      type: Rolling
    template:
      metadata:
        labels:
          group: kafdrop
          app: kafdrop
      spec:
        containers:
          - image: docker.io/obsidiandynamics/kafdrop:3.27.0
            name: kafdrop
            ports:
            - containerPort: 9000
            env:
              - name: KAFKA_BROKERCONNECT
                value: kafka-cluster-kafka-bootstrap.sepsis-demo.svc.cluster.local:9092
              - name: JVM_OPTS
                value: "-Xms32M -Xmx64M"
              - name: SERVER_SERVLET_CONTEXTPATH
                value: "/"
        dnsPolicy: ClusterFirst
        restartPolicy: Always
        schedulerName: default-scheduler
        securityContext: {}
        serviceAccount: default
        serviceAccountName: default
        terminationGracePeriodSeconds: 30
    triggers:
      - type: ConfigChange
      - imageChangeParams:
          automatic: true
          containerNames:
            - kafdrop
          from:
            kind: ImageStreamTag
            name: "kafdrop:3.27.0"
        type: ImageChange
